// Jest Snapshot v1, https://goo.gl/fbAQLP

exports[`App component renders App 1`] = `
<DocumentFragment>
  <button>
    Get Quote!
  </button>
  <article>
    <h2>
      Name: 
    </h2>
    <p>
      Quote: 
    </p>
  </article>
</DocumentFragment>
`;
